// Jest Snapshot v1, https://goo.gl/fbAQLP

exports[`should render ExpenseList with empty message 1`] = `
<div>
  <p>
    Add an expense or adjust your filters.
  </p>
</div>
`;

exports[`should render ExpenseList with expenses 1`] = `
<div>
  <ExpenseListItem
    amount={100}
    createdAt={0}
    description="Cock"
    id="1"
    key="1"
    note="balls"
  />
  <ExpenseListItem
    amount={500}
    createdAt={-345600000}
    description="Tits"
    id="2"
    key="2"
    note="nips"
  />
  <ExpenseListItem
    amount={225}
    createdAt={345600000}
    description="Ass"
    id="3"
    key="3"
    note=""
  />
</div>
`;
